#-----------------------------------------------------------
# Vivado v2025.1 (64-bit)
# SW Build 6140274 on Thu May 22 00:12:29 MDT 2025
# IP Build 6138677 on Thu May 22 03:10:11 MDT 2025
# SharedData Build 6139179 on Tue May 20 17:58:58 MDT 2025
# Start of session at: Sat Jun 27 08:04:28 2026
# Process ID         : 34944
# Current directory  : C:/Users/sgzmd/Desktop/Project
# Command line       : vivado.exe -gui_launcher_event rodinguilauncherevent21044 C:\Users\sgzmd\Desktop\Project\Project.xpr
# Log file           : C:/Users/sgzmd/Desktop/Project/vivado.log
# Journal file       : C:/Users/sgzmd/Desktop/Project\vivado.jou
# Running On         : MOSS550W
# Platform           : Windows Server 2016 or Windows 10
# Operating System   : 26200
# Processor Detail   : Intel(R) Core(TM) i9-14900HX
# CPU Frequency      : 2419 MHz
# CPU Physical cores : 24
# CPU Logical cores  : 32
# Host memory        : 34070 MB
# Swap memory        : 9663 MB
# Total Virtual      : 43733 MB
# Available Virtual  : 17573 MB
#-----------------------------------------------------------
start_gui
open_project C:/Users/sgzmd/Desktop/Project/Project.xpr
update_compile_order -fileset sources_1
reset_run synth_1
launch_runs impl_1 -to_step write_bitstream -jobs 16
wait_on_run impl_1
reload_project
reset_run synth_1
launch_runs impl_1 -to_step write_bitstream -jobs 16
wait_on_run impl_1
