Copyright 1986-2022 Xilinx, Inc. All Rights Reserved. Copyright 2022-2025 Advanced Micro Devices, Inc. All Rights Reserved.
---------------------------------------------------------------------------------------------------------------------------------------------
| Tool Version : Vivado v.2025.1 (win64) Build 6140274 Thu May 22 00:12:29 MDT 2025
| Date         : Sat Jun 27 14:06:12 2026
| Host         : MOSS550W running 64-bit major release  (build 9200)
| Command      : report_control_sets -verbose -file Top_Project_control_sets_placed.rpt
| Design       : Top_Project
| Device       : xc7a35t
---------------------------------------------------------------------------------------------------------------------------------------------

Control Set Information

Table of Contents
-----------------
1. Summary
2. Histogram
3. Flip-Flop Distribution
4. Detailed Control Set Information

1. Summary
----------

+----------------------------------------------------------+-------+
|                          Status                          | Count |
+----------------------------------------------------------+-------+
| Total control sets                                       |   198 |
|    Minimum number of control sets                        |   198 |
|    Addition due to synthesis replication                 |     0 |
|    Addition due to physical synthesis replication        |     0 |
| Unused register locations in slices containing registers |   888 |
+----------------------------------------------------------+-------+
* Control sets can be merged at opt_design using control_set_merge or merge_equivalent_drivers
** Run report_qor_suggestions for automated merging and remapping suggestions


2. Histogram
------------

+--------------------+-------+
|       Fanout       | Count |
+--------------------+-------+
| Total control sets |   198 |
| >= 0 to < 4        |     2 |
| >= 4 to < 6        |     1 |
| >= 6 to < 8        |     4 |
| >= 8 to < 10       |    27 |
| >= 10 to < 12      |     2 |
| >= 12 to < 14      |     4 |
| >= 14 to < 16      |     8 |
| >= 16              |   150 |
+--------------------+-------+
* Control sets can be remapped at either synth_design or opt_design


3. Flip-Flop Distribution
-------------------------

+--------------+-----------------------+------------------------+-----------------+--------------+
| Clock Enable | Synchronous Set/Reset | Asynchronous Set/Reset | Total Registers | Total Slices |
+--------------+-----------------------+------------------------+-----------------+--------------+
| No           | No                    | No                     |              33 |           20 |
| No           | No                    | Yes                    |             436 |          179 |
| No           | Yes                   | No                     |               0 |            0 |
| Yes          | No                    | No                     |            2364 |         1229 |
| Yes          | No                    | Yes                    |             879 |          307 |
| Yes          | Yes                   | No                     |               0 |            0 |
+--------------+-----------------------+------------------------+-----------------+--------------+


4. Detailed Control Set Information
-----------------------------------

+--------------------------+-------------------------------------------------+---------------------+------------------+----------------+--------------+
|       Clock Signal       |                  Enable Signal                  |   Set/Reset Signal  | Slice Load Count | Bel Load Count | Bels / Slice |
+--------------------------+-------------------------------------------------+---------------------+------------------+----------------+--------------+
|  u_clk_gen/inst/clk_out1 |                                                 |                     |                1 |              1 |         1.00 |
|  u_clk_gen/inst/clk_out2 | u_dac/dac_wr1_n1_out                            | u_ui/sys_rst_n      |                1 |              1 |         1.00 |
|  u_clk_gen/inst/clk_out2 | u_dac/wr_cnt[4]_i_1_n_0                         | u_ui/sys_rst_n      |                1 |              5 |         5.00 |
|  u_clk_gen/inst/clk_out2 | u_analyzer_ch2/rise_time_us[7]_i_1_n_0          | u_liss/global_rst_n |                4 |              7 |         1.75 |
|  u_clk_gen/inst/clk_out2 | u_ui/btn_action[4]_23                           | u_ui/sys_rst_n      |                2 |              7 |         3.50 |
|  u_clk_gen/inst/clk_out2 | u_liss/pair_valid                               | u_liss/global_rst_n |                6 |              7 |         1.17 |
|  u_clk_gen/inst/clk_out2 | u_analyzer_ch1/rise_time_us[7]_i_1__0_n_0       | u_liss/global_rst_n |                2 |              7 |         3.50 |
|  u_clk_gen/inst/clk_out2 | u_ui/amplitude[7]_i_1_n_0                       | u_ui/sys_rst_n      |                5 |              8 |         1.60 |
|  u_clk_gen/inst/clk_out2 | u_ui/dac_d0                                     | u_ui/sys_rst_n      |                1 |              8 |         8.00 |
|  u_clk_gen/inst/clk_out2 | u_analyzer_ch1/peak_max                         | u_liss/global_rst_n |                3 |              8 |         2.67 |
|  u_clk_gen/inst/clk_out2 | u_ui/mod_depth[7]_i_1_n_0                       | u_ui/sys_rst_n      |                3 |              8 |         2.67 |
|  u_clk_gen/inst/clk_out2 | u_analyzer_ch1/rise_cnt[7]_i_1__0_n_0           | u_liss/global_rst_n |                3 |              8 |         2.67 |
|  u_clk_gen/inst/clk_out2 | u_analyzer_ch2/rise_cnt[7]_i_1_n_0              | u_liss/global_rst_n |                3 |              8 |         2.67 |
|  u_clk_gen/inst/clk_out1 |                                                 | u_ui/sys_rst_n      |                3 |              8 |         2.67 |
|  u_clk_gen/inst/clk_out2 | u_liss/y_at_x_max0                              | u_liss/global_rst_n |                3 |              8 |         2.67 |
|  u_clk_gen/inst/clk_out2 | u_ui/switch_debounce[0].dip_dbcnt[0][7]_i_1_n_0 | u_ui/sys_rst_n      |                3 |              8 |         2.67 |
|  u_clk_gen/inst/clk_out2 | u_ui/switch_debounce[1].dip_dbcnt[1][7]_i_1_n_0 | u_ui/sys_rst_n      |                2 |              8 |         4.00 |
|  u_clk_gen/inst/clk_out2 | u_ui/switch_debounce[0].sw_dbcnt[0][7]_i_1_n_0  | u_ui/sys_rst_n      |                3 |              8 |         2.67 |
|  u_clk_gen/inst/clk_out2 | u_ui/switch_debounce[2].dip_dbcnt[2][7]_i_1_n_0 | u_ui/sys_rst_n      |                2 |              8 |         4.00 |
|  u_clk_gen/inst/clk_out2 | u_ui/switch_debounce[1].sw_dbcnt[1][7]_i_1_n_0  | u_ui/sys_rst_n      |                2 |              8 |         4.00 |
|  u_clk_gen/inst/clk_out2 | u_ui/switch_debounce[2].sw_dbcnt[2][7]_i_1_n_0  | u_ui/sys_rst_n      |                3 |              8 |         2.67 |
|  u_clk_gen/inst/clk_out2 | u_ui/switch_debounce[3].dip_dbcnt[3][7]_i_1_n_0 | u_ui/sys_rst_n      |                3 |              8 |         2.67 |
|  u_clk_gen/inst/clk_out2 | u_ui/switch_debounce[4].dip_dbcnt[4][7]_i_1_n_0 | u_ui/sys_rst_n      |                3 |              8 |         2.67 |
|  u_clk_gen/inst/clk_out2 | u_ui/switch_debounce[3].sw_dbcnt[3][7]_i_1_n_0  | u_ui/sys_rst_n      |                3 |              8 |         2.67 |
|  u_clk_gen/inst/clk_out2 | u_ui/switch_debounce[4].sw_dbcnt[4][7]_i_1_n_0  | u_ui/sys_rst_n      |                3 |              8 |         2.67 |
|  u_clk_gen/inst/clk_out2 | u_ui/switch_debounce[5].dip_dbcnt[5][7]_i_1_n_0 | u_ui/sys_rst_n      |                3 |              8 |         2.67 |
|  u_clk_gen/inst/clk_out2 | u_ui/switch_debounce[6].dip_dbcnt[6][7]_i_1_n_0 | u_ui/sys_rst_n      |                2 |              8 |         4.00 |
|  u_clk_gen/inst/clk_out2 | u_ui/switch_debounce[5].sw_dbcnt[5][7]_i_1_n_0  | u_ui/sys_rst_n      |                3 |              8 |         2.67 |
|  u_clk_gen/inst/clk_out2 | u_ui/switch_debounce[6].sw_dbcnt[6][7]_i_1_n_0  | u_ui/sys_rst_n      |                3 |              8 |         2.67 |
|  u_clk_gen/inst/clk_out2 | u_ui/switch_debounce[7].dip_dbcnt[7][7]_i_1_n_0 | u_ui/sys_rst_n      |                3 |              8 |         2.67 |
|  u_clk_gen/inst/clk_out2 | u_ui/switch_debounce[7].sw_dbcnt[7][7]_i_1_n_0  | u_ui/sys_rst_n      |                2 |              8 |         4.00 |
|  u_clk_gen/inst/clk_out2 | u_analyzer_ch2/peak_max                         | u_liss/global_rst_n |                2 |              8 |         4.00 |
|  u_clk_gen/inst/clk_out2 | u_analyzer_ch2/peak_min                         | u_liss/global_rst_n |                2 |              8 |         4.00 |
|  u_clk_gen/inst/clk_out2 | u_analyzer_ch1/peak_min                         | u_liss/global_rst_n |                3 |              8 |         2.67 |
|  u_clk_gen/inst/clk_out2 | u_vga/v_cnt                                     | u_ui/sys_rst_n      |                3 |             10 |         3.33 |
|  u_clk_gen/inst/clk_out1 | u_osc_acq/bram_write_addr[9]_i_1_n_0            | u_ui/sys_rst_n      |                3 |             10 |         3.33 |
|  u_clk_gen/inst/clk_out1 | u_osc_acq/ch1_data_reg                          | u_ui/sys_rst_n      |                8 |             12 |         1.50 |
|  u_clk_gen/inst/clk_out2 | u_analyzer_ch1/rise_acc                         | u_liss/global_rst_n |                3 |             12 |         4.00 |
|  u_clk_gen/inst/clk_out2 | u_analyzer_ch2/rise_acc                         | u_liss/global_rst_n |                3 |             12 |         4.00 |
|  u_clk_gen/inst/clk_out1 | u_osc_acq/ch2_data_reg                          | u_ui/sys_rst_n      |                5 |             12 |         2.40 |
|  u_clk_gen/inst/clk_out2 | u_analyzer_ch1/near_valley                      | u_liss/global_rst_n |                4 |             14 |         3.50 |
|  u_clk_gen/inst/clk_out2 | u_analyzer_ch1/near_peak                        | u_liss/global_rst_n |                4 |             14 |         3.50 |
|  u_clk_gen/inst/clk_out2 | u_analyzer_ch2/near_valley                      | u_liss/global_rst_n |                4 |             14 |         3.50 |
|  u_clk_gen/inst/clk_out2 | u_analyzer_ch2/near_peak                        | u_liss/global_rst_n |                4 |             14 |         3.50 |
|  u_clk_gen/inst/clk_out2 | u_analyzer_ch2/near_mid                         | u_liss/global_rst_n |                4 |             14 |         3.50 |
|  u_clk_gen/inst/clk_out2 | u_analyzer_ch2/high_count                       | u_liss/global_rst_n |                4 |             14 |         3.50 |
|  u_clk_gen/inst/clk_out2 | u_analyzer_ch1/high_count                       | u_liss/global_rst_n |                4 |             14 |         3.50 |
|  u_clk_gen/inst/clk_out2 | u_analyzer_ch1/near_mid                         | u_liss/global_rst_n |                4 |             14 |         3.50 |
|  u_clk_gen/inst/clk_out2 | u_analyzer_ch1/meas_valid_25m                   |                     |                6 |             16 |         2.67 |
|  u_clk_gen/inst/clk_out2 | u_analyzer_ch1/zc_rapid                         | u_liss/global_rst_n |                4 |             16 |         4.00 |
|  u_clk_gen/inst/clk_out2 | u_analyzer_ch2/zc_rapid                         | u_liss/global_rst_n |                4 |             16 |         4.00 |
|  u_clk_gen/inst/clk_out2 | u_ui/debounce_block[1].db_cnt[1][0]_i_1_n_0     | u_ui/sys_rst_n      |                5 |             17 |         3.40 |
|  u_clk_gen/inst/clk_out2 | u_ui/debounce_block[2].db_cnt[2][0]_i_1_n_0     | u_ui/sys_rst_n      |                5 |             17 |         3.40 |
|  u_clk_gen/inst/clk_out2 | u_ui/debounce_block[3].db_cnt[3][0]_i_1_n_0     | u_ui/sys_rst_n      |                5 |             17 |         3.40 |
|  u_clk_gen/inst/clk_out2 | u_ui/debounce_block[0].db_cnt[0][0]_i_1_n_0     | u_ui/sys_rst_n      |                5 |             17 |         3.40 |
|  u_clk_gen/inst/clk_out2 | u_ui/debounce_block[4].db_cnt[4][0]_i_1_n_0     | u_ui/sys_rst_n      |                5 |             17 |         3.40 |
|  u_clk_gen/inst/clk_out2 | u_liss/trail_x[73][9]_i_1_n_0                   |                     |               10 |             18 |         1.80 |
|  u_clk_gen/inst/clk_out2 | u_liss/trail_x[60][9]_i_1_n_0                   |                     |               11 |             18 |         1.64 |
|  u_clk_gen/inst/clk_out2 | u_liss/trail_x[64][9]_i_1_n_0                   |                     |                9 |             18 |         2.00 |
|  u_clk_gen/inst/clk_out2 | u_liss/trail_x[5][9]_i_1_n_0                    |                     |                8 |             18 |         2.25 |
|  u_clk_gen/inst/clk_out2 | u_liss/trail_x[74][9]_i_1_n_0                   |                     |                8 |             18 |         2.25 |
|  u_clk_gen/inst/clk_out2 | u_liss/trail_x[4][9]_i_1_n_0                    |                     |               11 |             18 |         1.64 |
|  u_clk_gen/inst/clk_out2 | u_liss/trail_x[65][9]_i_1_n_0                   |                     |                9 |             18 |         2.00 |
|  u_clk_gen/inst/clk_out2 | u_liss/trail_x[54][9]_i_1_n_0                   |                     |                9 |             18 |         2.00 |
|  u_clk_gen/inst/clk_out2 | u_liss/trail_y[102][9]_i_1_n_0                  |                     |               10 |             18 |         1.80 |
|  u_clk_gen/inst/clk_out2 | u_liss/trail_y[106][9]_i_1_n_0                  |                     |                7 |             18 |         2.57 |
|  u_clk_gen/inst/clk_out2 | u_liss/trail_y[105][9]_i_1_n_0                  |                     |                9 |             18 |         2.00 |
|  u_clk_gen/inst/clk_out2 | u_liss/trail_y[107][9]_i_1_n_0                  |                     |                9 |             18 |         2.00 |
|  u_clk_gen/inst/clk_out2 | u_liss/trail_y[109][9]_i_1_n_0                  |                     |                9 |             18 |         2.00 |
|  u_clk_gen/inst/clk_out2 | u_liss/trail_y[114][9]_i_1_n_0                  |                     |                8 |             18 |         2.25 |
|  u_clk_gen/inst/clk_out2 | u_liss/trail_y[115][9]_i_1_n_0                  |                     |               12 |             18 |         1.50 |
|  u_clk_gen/inst/clk_out2 | u_liss/trail_y[108][9]_i_1_n_0                  |                     |               11 |             18 |         1.64 |
|  u_clk_gen/inst/clk_out2 | u_liss/trail_y[111][9]_i_1_n_0                  |                     |               12 |             18 |         1.50 |
|  u_clk_gen/inst/clk_out2 | u_liss/trail_y[116][9]_i_1_n_0                  |                     |                8 |             18 |         2.25 |
|  u_clk_gen/inst/clk_out2 | u_liss/trail_y[117][9]_i_1_n_0                  |                     |               11 |             18 |         1.64 |
|  u_clk_gen/inst/clk_out2 | u_liss/trail_y[118][9]_i_1_n_0                  |                     |                6 |             18 |         3.00 |
|  u_clk_gen/inst/clk_out2 | u_liss/trail_y[112][9]_i_1_n_0                  |                     |               11 |             18 |         1.64 |
|  u_clk_gen/inst/clk_out2 | u_liss/trail_y[120][9]_i_1_n_0                  |                     |                9 |             18 |         2.00 |
|  u_clk_gen/inst/clk_out2 | u_liss/trail_y[123][9]_i_1_n_0                  |                     |                9 |             18 |         2.00 |
|  u_clk_gen/inst/clk_out2 | u_liss/trail_y[101][9]_i_1_n_0                  |                     |               11 |             18 |         1.64 |
|  u_clk_gen/inst/clk_out2 | u_liss/trail_y[100][9]_i_1_n_0                  |                     |               11 |             18 |         1.64 |
|  u_clk_gen/inst/clk_out2 | u_liss/trail_y[69][9]_i_1_n_0                   |                     |                7 |             18 |         2.57 |
|  u_clk_gen/inst/clk_out2 | u_liss/trail_y[13][9]_i_1_n_0                   |                     |                9 |             18 |         2.00 |
|  u_clk_gen/inst/clk_out2 | u_liss/trail_y[57][9]_i_1_n_0                   |                     |               11 |             18 |         1.64 |
|  u_clk_gen/inst/clk_out2 | u_liss/trail_y[67][9]_i_1_n_0                   |                     |                9 |             18 |         2.00 |
|  u_clk_gen/inst/clk_out2 | u_liss/trail_y[6][9]_i_1_n_0                    |                     |                8 |             18 |         2.25 |
|  u_clk_gen/inst/clk_out2 | u_liss/trail_y[76][9]_i_1_n_0                   |                     |               11 |             18 |         1.64 |
|  u_clk_gen/inst/clk_out2 | u_liss/trail_y[79][9]_i_1_n_0                   |                     |                8 |             18 |         2.25 |
|  u_clk_gen/inst/clk_out2 | u_liss/trail_y[35][9]_i_1_n_0                   |                     |                8 |             18 |         2.25 |
|  u_clk_gen/inst/clk_out2 | u_liss/trail_y[77][9]_i_1_n_0                   |                     |                8 |             18 |         2.25 |
|  u_clk_gen/inst/clk_out2 | u_liss/trail_y[7][9]_i_1_n_0                    |                     |                8 |             18 |         2.25 |
|  u_clk_gen/inst/clk_out2 | u_liss/trail_y[84][9]_i_1_n_0                   |                     |               11 |             18 |         1.64 |
|  u_clk_gen/inst/clk_out2 | u_liss/trail_y[85][9]_i_1_n_0                   |                     |                9 |             18 |         2.00 |
|  u_clk_gen/inst/clk_out2 | u_liss/trail_y[33][9]_i_1_n_0                   |                     |                8 |             18 |         2.25 |
|  u_clk_gen/inst/clk_out2 | u_liss/trail_y[48][9]_i_1_n_0                   |                     |               10 |             18 |         1.80 |
|  u_clk_gen/inst/clk_out2 | u_liss/trail_y[14][9]_i_1_n_0                   |                     |               10 |             18 |         1.80 |
|  u_clk_gen/inst/clk_out2 | u_liss/trail_y[44][9]_i_1_n_0                   |                     |                9 |             18 |         2.00 |
|  u_clk_gen/inst/clk_out2 | u_liss/trail_y[51][9]_i_1_n_0                   |                     |               10 |             18 |         1.80 |
|  u_clk_gen/inst/clk_out2 | u_liss/trail_y[1][9]_i_1_n_0                    |                     |                9 |             18 |         2.00 |
|  u_clk_gen/inst/clk_out2 | u_liss/trail_x[59][9]_i_1_n_0                   |                     |               10 |             18 |         1.80 |
|  u_clk_gen/inst/clk_out2 | u_liss/trail_y[126][9]_i_1_n_0                  |                     |                7 |             18 |         2.57 |
|  u_clk_gen/inst/clk_out2 | u_liss/trail_y[42][9]_i_1_n_0                   |                     |               11 |             18 |         1.64 |
|  u_clk_gen/inst/clk_out2 | u_liss/trail_y[53][9]_i_1_n_0                   |                     |                7 |             18 |         2.57 |
|  u_clk_gen/inst/clk_out2 | u_liss/trail_y[62][9]_i_1_n_0                   |                     |               10 |             18 |         1.80 |
|  u_clk_gen/inst/clk_out2 | u_liss/trail_y[36][9]_i_1_n_0                   |                     |               11 |             18 |         1.64 |
|  u_clk_gen/inst/clk_out2 | u_liss/trail_y[81][9]_i_1_n_0                   |                     |               10 |             18 |         1.80 |
|  u_clk_gen/inst/clk_out2 | u_liss/trail_y[86][9]_i_1_n_0                   |                     |                9 |             18 |         2.00 |
|  u_clk_gen/inst/clk_out2 | u_liss/trail_y[87][9]_i_1_n_0                   |                     |                9 |             18 |         2.00 |
|  u_clk_gen/inst/clk_out2 | u_liss/trail_y[45][9]_i_1_n_0                   |                     |                7 |             18 |         2.57 |
|  u_clk_gen/inst/clk_out2 | u_liss/trail_y[124][9]_i_1_n_0                  |                     |                8 |             18 |         2.25 |
|  u_clk_gen/inst/clk_out2 | u_liss/trail_y[31][9]_i_1_n_0                   |                     |               10 |             18 |         1.80 |
|  u_clk_gen/inst/clk_out2 | u_liss/trail_y[16][9]_i_1_n_0                   |                     |                8 |             18 |         2.25 |
|  u_clk_gen/inst/clk_out2 | u_liss/trail_y[2][9]_i_1_n_0                    |                     |               10 |             18 |         1.80 |
|  u_clk_gen/inst/clk_out2 | u_liss/trail_y[52][9]_i_1_n_0                   |                     |                7 |             18 |         2.57 |
|  u_clk_gen/inst/clk_out2 | u_liss/trail_y[46][9]_i_1_n_0                   |                     |               11 |             18 |         1.64 |
|  u_clk_gen/inst/clk_out2 | u_liss/trail_y[21][9]_i_1_n_0                   |                     |                6 |             18 |         3.00 |
|  u_clk_gen/inst/clk_out2 | u_liss/trail_y[18][9]_i_1_n_0                   |                     |               12 |             18 |         1.50 |
|  u_clk_gen/inst/clk_out2 | u_liss/trail_y[40][9]_i_1_n_0                   |                     |               11 |             18 |         1.64 |
|  u_clk_gen/inst/clk_out2 | u_liss/trail_y[37][9]_i_1_n_0                   |                     |                7 |             18 |         2.57 |
|  u_clk_gen/inst/clk_out2 | u_liss/trail_y[66][9]_i_1_n_0                   |                     |                9 |             18 |         2.00 |
|  u_clk_gen/inst/clk_out2 | u_liss/trail_y[93][9]_i_1_n_0                   |                     |               12 |             18 |         1.50 |
|  u_clk_gen/inst/clk_out2 | u_liss/trail_y[8][9]_i_1_n_0                    |                     |               10 |             18 |         1.80 |
|  u_clk_gen/inst/clk_out2 | u_liss/trail_y[91][9]_i_1_n_0                   |                     |                9 |             18 |         2.00 |
|  u_clk_gen/inst/clk_out2 | u_liss/trail_y[95][9]_i_1_n_0                   |                     |                7 |             18 |         2.57 |
|  u_clk_gen/inst/clk_out2 | u_liss/trail_y[96][9]_i_1_n_0                   |                     |                8 |             18 |         2.25 |
|  u_clk_gen/inst/clk_out2 | u_liss/trail_y[94][9]_i_1_n_0                   |                     |               11 |             18 |         1.64 |
|  u_clk_gen/inst/clk_out2 | u_liss/trail_y[89][9]_i_1_n_0                   |                     |               13 |             18 |         1.38 |
|  u_clk_gen/inst/clk_out2 | u_liss/trail_y[88][9]_i_1_n_0                   |                     |                9 |             18 |         2.00 |
|  u_clk_gen/inst/clk_out2 | u_liss/trail_y[98][9]_i_1_n_0                   |                     |               10 |             18 |         1.80 |
|  u_clk_gen/inst/clk_out2 | u_liss/trail_y[99][9]_i_1_n_0                   |                     |                8 |             18 |         2.25 |
|  u_clk_gen/inst/clk_out2 | u_liss/trail_y[92][9]_i_1_n_0                   |                     |               11 |             18 |         1.64 |
|  u_clk_gen/inst/clk_out2 | u_liss/trail_y[97][9]_i_1_n_0                   |                     |               10 |             18 |         1.80 |
|  u_clk_gen/inst/clk_out2 | u_liss/trail_y[90][9]_i_1_n_0                   |                     |                7 |             18 |         2.57 |
|  u_clk_gen/inst/clk_out2 | u_liss/trail_y[9][9]_i_1_n_0                    |                     |                9 |             18 |         2.00 |
|  u_clk_gen/inst/clk_out2 | u_liss/trail_x[34][9]_i_1_n_0                   |                     |               11 |             18 |         1.64 |
|  u_clk_gen/inst/clk_out2 | u_liss/trail_x[11][9]_i_1_n_0                   |                     |               11 |             18 |         1.64 |
|  u_clk_gen/inst/clk_out2 | u_liss/trail_x[125][9]_i_1_n_0                  |                     |               11 |             18 |         1.64 |
|  u_clk_gen/inst/clk_out2 | u_liss/trail_x[15][9]_i_1_n_0                   |                     |               14 |             18 |         1.29 |
|  u_clk_gen/inst/clk_out2 | u_liss/trail_x[104][9]_i_1_n_0                  |                     |               12 |             18 |         1.50 |
|  u_clk_gen/inst/clk_out2 | u_liss/trail_x[19][9]_i_1_n_0                   |                     |                9 |             18 |         2.00 |
|  u_clk_gen/inst/clk_out2 | u_liss/trail_x[26][9]_i_1_n_0                   |                     |               10 |             18 |         1.80 |
|  u_clk_gen/inst/clk_out2 | u_liss/trail_x[29][9]_i_1_n_0                   |                     |                8 |             18 |         2.25 |
|  u_clk_gen/inst/clk_out2 | u_liss/trail_x[30][9]_i_1_n_0                   |                     |                7 |             18 |         2.57 |
|  u_clk_gen/inst/clk_out2 | u_liss/trail_x[32][9]_i_1_n_0                   |                     |                9 |             18 |         2.00 |
|  u_clk_gen/inst/clk_out2 | u_liss/trail_x[41][9]_i_1_n_0                   |                     |                9 |             18 |         2.00 |
|  u_clk_gen/inst/clk_out2 | u_liss/trail_x[122][9]_i_1_n_0                  |                     |                9 |             18 |         2.00 |
|  u_clk_gen/inst/clk_out2 | u_liss/trail_x[121][9]_i_1_n_0                  |                     |                9 |             18 |         2.00 |
|  u_clk_gen/inst/clk_out2 | u_liss/trail_x[17][9]_i_1_n_0                   |                     |               10 |             18 |         1.80 |
|  u_clk_gen/inst/clk_out2 | u_liss/trail_x[103][9]_i_1_n_0                  |                     |                7 |             18 |         2.57 |
|  u_clk_gen/inst/clk_out2 | u_liss/trail_x[127][9]_i_1_n_0                  |                     |                9 |             18 |         2.00 |
|  u_clk_gen/inst/clk_out2 | u_liss/trail_x[20][9]_i_1_n_0                   |                     |               12 |             18 |         1.50 |
|  u_clk_gen/inst/clk_out2 | u_liss/trail_x[23][9]_i_1_n_0                   |                     |                9 |             18 |         2.00 |
|  u_clk_gen/inst/clk_out2 | u_liss/trail_x[27][9]_i_1_n_0                   |                     |               10 |             18 |         1.80 |
|  u_clk_gen/inst/clk_out2 | u_liss/trail_x                                  |                     |               10 |             18 |         1.80 |
|  u_clk_gen/inst/clk_out2 | u_liss/trail_x[22][9]_i_1_n_0                   |                     |                9 |             18 |         2.00 |
|  u_clk_gen/inst/clk_out2 | u_liss/trail_x[119][9]_i_1_n_0                  |                     |                8 |             18 |         2.25 |
|  u_clk_gen/inst/clk_out2 | u_liss/trail_x[24][9]_i_1_n_0                   |                     |                9 |             18 |         2.00 |
|  u_clk_gen/inst/clk_out2 | u_liss/trail_x[25][9]_i_1_n_0                   |                     |                8 |             18 |         2.25 |
|  u_clk_gen/inst/clk_out2 | u_liss/trail_x[113][9]_i_1_n_0                  |                     |               10 |             18 |         1.80 |
|  u_clk_gen/inst/clk_out2 | u_liss/trail_x[28][9]_i_1_n_0                   |                     |               11 |             18 |         1.64 |
|  u_clk_gen/inst/clk_out2 | u_liss/trail_x[39][9]_i_1_n_0                   |                     |               10 |             18 |         1.80 |
|  u_clk_gen/inst/clk_out2 | u_liss/trail_x[110][9]_i_1_n_0                  |                     |               10 |             18 |         1.80 |
|  u_clk_gen/inst/clk_out2 | u_liss/trail_x[10][9]_i_1_n_0                   |                     |                9 |             18 |         2.00 |
|  u_clk_gen/inst/clk_out2 | u_liss/trail_x[3][9]_i_1_n_0                    |                     |                8 |             18 |         2.25 |
|  u_clk_gen/inst/clk_out2 | u_liss/trail_x[38][9]_i_1_n_0                   |                     |               10 |             18 |         1.80 |
|  u_clk_gen/inst/clk_out2 | u_liss/trail_x[12][9]_i_1_n_0                   |                     |                9 |             18 |         2.00 |
|  u_clk_gen/inst/clk_out2 | u_liss/trail_y[49][9]_i_1_n_0                   |                     |               12 |             18 |         1.50 |
|  u_clk_gen/inst/clk_out2 | u_liss/trail_x[75][9]_i_1_n_0                   |                     |               10 |             18 |         1.80 |
|  u_clk_gen/inst/clk_out2 | u_liss/trail_x[80][9]_i_1_n_0                   |                     |                8 |             18 |         2.25 |
|  u_clk_gen/inst/clk_out2 | u_liss/trail_x[43][9]_i_1_n_0                   |                     |                9 |             18 |         2.00 |
|  u_clk_gen/inst/clk_out2 | u_liss/trail_x[63][9]_i_1_n_0                   |                     |                9 |             18 |         2.00 |
|  u_clk_gen/inst/clk_out2 | u_liss/trail_x[55][9]_i_1_n_0                   |                     |               10 |             18 |         1.80 |
|  u_clk_gen/inst/clk_out2 | u_liss/trail_x[82][9]_i_1_n_0                   |                     |                9 |             18 |         2.00 |
|  u_clk_gen/inst/clk_out2 | u_liss/trail_x[61][9]_i_1_n_0                   |                     |                9 |             18 |         2.00 |
|  u_clk_gen/inst/clk_out2 | u_liss/trail_x[70][9]_i_1_n_0                   |                     |                8 |             18 |         2.25 |
|  u_clk_gen/inst/clk_out2 | u_liss/trail_x[83][9]_i_1_n_0                   |                     |                8 |             18 |         2.25 |
|  u_clk_gen/inst/clk_out2 | u_liss/trail_x[47][9]_i_1_n_0                   |                     |               12 |             18 |         1.50 |
|  u_clk_gen/inst/clk_out2 | u_liss/trail_x[58][9]_i_1_n_0                   |                     |                8 |             18 |         2.25 |
|  u_clk_gen/inst/clk_out2 | u_liss/trail_x[71][9]_i_1_n_0                   |                     |                7 |             18 |         2.57 |
|  u_clk_gen/inst/clk_out2 | u_liss/trail_x[50][9]_i_1_n_0                   |                     |               11 |             18 |         1.64 |
|  u_clk_gen/inst/clk_out2 | u_liss/trail_x[68][9]_i_1_n_0                   |                     |                8 |             18 |         2.25 |
|  u_clk_gen/inst/clk_out2 | u_liss/trail_x[78][9]_i_1_n_0                   |                     |                8 |             18 |         2.25 |
|  u_clk_gen/inst/clk_out2 | u_liss/trail_x[56][9]_i_1_n_0                   |                     |                9 |             18 |         2.00 |
|  u_clk_gen/inst/clk_out2 | u_liss/trail_x[72][9]_i_1_n_0                   |                     |               12 |             18 |         1.50 |
|  u_clk_gen/inst/clk_out2 | u_analyzer_ch2/freq_num_pipe                    |                     |               12 |             22 |         1.83 |
|  u_clk_gen/inst/clk_out2 | u_analyzer_ch1/freq_num_pipe                    |                     |               12 |             22 |         1.83 |
|  u_clk_gen/inst/clk_out2 |                                                 | u_liss/global_rst_n |               18 |             23 |         1.28 |
|  u_clk_gen/inst/clk_out2 | u_analyzer_ch2/zc_count                         | u_liss/global_rst_n |                9 |             30 |         3.33 |
|  u_clk_gen/inst/clk_out2 | u_analyzer_ch1/zc_count                         | u_liss/global_rst_n |               10 |             30 |         3.00 |
|  u_clk_gen/inst/clk_out2 | u_analyzer_ch2/div_pending_reg_n_0              | u_liss/global_rst_n |                9 |             32 |         3.56 |
|  u_clk_gen/inst/clk_out2 |                                                 |                     |               19 |             32 |         1.68 |
|  u_clk_gen/inst/clk_out2 | u_analyzer_ch2/zc_spacing_sum                   | u_liss/global_rst_n |                8 |             32 |         4.00 |
|  u_clk_gen/inst/clk_out2 | u_analyzer_ch1/meas_valid_25m                   | u_liss/global_rst_n |               12 |             32 |         2.67 |
|  u_clk_gen/inst/clk_out2 | u_analyzer_ch1/div_pending_reg_n_0              | u_liss/global_rst_n |               11 |             32 |         2.91 |
|  u_clk_gen/inst/clk_out2 | u_analyzer_ch1/zc_spacing_sum                   | u_liss/global_rst_n |                8 |             32 |         4.00 |
|  u_clk_gen/inst/clk_out2 | u_analyzer_ch2/freq_num_pipe                    | u_liss/global_rst_n |               30 |             60 |         2.00 |
|  u_clk_gen/inst/clk_out2 | u_analyzer_ch1/freq_num_pipe                    | u_liss/global_rst_n |               33 |             60 |         1.82 |
|  u_clk_gen/inst/clk_out2 |                                                 | u_ui/sys_rst_n      |              158 |            405 |         2.56 |
+--------------------------+-------------------------------------------------+---------------------+------------------+----------------+--------------+


